
asmcop.exe   : size = 270a1 crc = 44a0
asmcop.hlp   : size = e02 crc = 55de
asmread.me   : size = 43e crc = 3bd3
asmrel.let   : size = 3667 crc = 2377
cop820.asm   : size = 27e crc = 3fec
cop820.inc   : size = a64 crc = 1fcc
cop820a.asm  : size = 3cc crc = a5a4
cop820cj.inc : size = fb2 crc = b60
cop840.inc   : size = a62 crc = f75d
cop840cj.inc : size = fb3 crc = dd71
cop8620.inc  : size = b38 crc = f76d
cop8640.inc  : size = b38 crc = 88dc
cop880.inc   : size = b04 crc = dd89
cop888bc.inc : size = 34ba crc = 7eb8
cop888cf.inc : size = 1635 crc = 8af8
cop888cg.inc : size = 245a crc = 751d
cop888cl.inc : size = 1409 crc = 3872
cop888cs.inc : size = 1a6d crc = 1fd3
cop888eg.inc : size = 24bf crc = 586d
cop888ek.inc : size = 1d39 crc = d7f
cop888ew.inc : size = 324e crc = f57f
cop888gd.inc : size = 1dcf crc = 34a6
cop888gg.inc : size = 2366 crc = 8491
cop888gw.inc : size = 324e crc = e2c3
cop912c.inc  : size = a6a crc = bab6
copxxx.fil   : size = 81 crc = 2fc2
dumpcoff.exe : size = aed9 crc = 7829
hexdiff.exe  : size = 2857 crc = c490
hexlm.exe    : size = 1b20 crc = 25c3
install.exe  : size = 7a4f crc = f58a
libcop.exe   : size = b495 crc = b917
libcop.hlp   : size = 260 crc = a2c6
lmhex.exe    : size = 1940 crc = 9984
lncop.cfg    : size = 1b crc = dd20
lncop.exe    : size = 264b4 crc = d36f
lncop.hlp    : size = 799 crc = 669c
promcop.exe  : size = 15999 crc = 6467
sample.bat   : size = 4e7 crc = bffa
xcrc.exe     : size = 241f crc = 5040
xcrc.out     : size = 0 crc = 0
sum of CRC's = cf46
